<?xml version="1.0" encoding="UTF-8"?>
<testsuites name="jest tests" tests="3" failures="0" errors="0" time="2.02">
  <testsuite name="Task Controller" errors="0" failures="0" skipped="0" timestamp="2026-02-18T20:38:13" time="1.814" tests="3">
    <testcase classname="Task Controller should return an empty list of tasks initially" name="Task Controller should return an empty list of tasks initially" time="0.093">
    </testcase>
    <testcase classname="Task Controller should add a task" name="Task Controller should add a task" time="0.053">
    </testcase>
    <testcase classname="Task Controller should return 400 for missing title" name="Task Controller should return 400 for missing title" time="0.01">
    </testcase>
  </testsuite>
</testsuites>